<?xml version="1.0" encoding="utf-8"?><testsuites><testsuite name="pytest" errors="0" failures="0" skipped="0" tests="55" time="1.508" timestamp="2025-03-09T04:11:51.962582+01:00" hostname="Tatianas-MacBook-Pro.local"><testcase classname="tests.test_command.TestCommand" name="test_minification_from_stdin" file="tests/test_command.py" line="40" time="0.299" /><testcase classname="tests.test_command.TestCommand" name="test_minification_from_file" file="tests/test_command.py" line="50" time="0.281" /><testcase classname="tests.test_decorator.TestDecorator" name="test_html_minification" file="tests/test_decorator.py" line="41" time="0.002" /><testcase classname="tests.test_decorator.TestDecorator" name="test_html_minification_no_options" file="tests/test_decorator.py" line="46" time="0.001" /><testcase classname="tests.test_escape.TestEscapeAttributes" name="test_simple_attribute" file="tests/test_escape.py" line="46" time="0.001" /><testcase classname="tests.test_escape.TestEscapeAttributes" name="test_double_quote" file="tests/test_escape.py" line="49" time="0.001" /><testcase classname="tests.test_escape.TestEscapeAttributes" name="test_single_quote" file="tests/test_escape.py" line="52" time="0.001" /><testcase classname="tests.test_escape.TestEscapeAttributes" name="test_quote_space" file="tests/test_escape.py" line="55" time="0.001" /><testcase classname="tests.test_escape.TestEscapeAttributes" name="test_quote_unsafe_chars" file="tests/test_escape.py" line="62" time="0.001" /><testcase classname="tests.test_escape.TestEscapeAttributes" name="test_force_double_quote" file="tests/test_escape.py" line="67" time="0.001" /><testcase classname="tests.test_escape.TestEscapeAttributes" name="test_both_quotes" file="tests/test_escape.py" line="72" time="0.001" /><testcase classname="tests.test_escape.TestEscapeAttributes" name="test_ampersand_char_ref" file="tests/test_escape.py" line="77" time="0.001" /><testcase classname="tests.test_escape.TestEscapeAttributes" name="test_multi_ampersand_char_ref" file="tests/test_escape.py" line="80" time="0.001" /><testcase classname="tests.test_escape.TestEscapeAttributes" name="test_ampersand_decimal" file="tests/test_escape.py" line="86" time="0.001" /><testcase classname="tests.test_escape.TestEscapeAttributes" name="test_ampersand_non_decimal" file="tests/test_escape.py" line="89" time="0.001" /><testcase classname="tests.test_escape.TestEscapeAttributes" name="test_ampersand_hex" file="tests/test_escape.py" line="92" time="0.001" /><testcase classname="tests.test_escape.TestEscapeAttributes" name="test_ampersand_nonhex" file="tests/test_escape.py" line="95" time="0.001" /><testcase classname="tests.test_escape.TestEscapeAttributes" name="test_proper_char_refs" file="tests/test_escape.py" line="98" time="0.001" /><testcase classname="tests.test_others.TestMinifyFunction" name="test_basic_minification_quality" file="tests/test_others.py" line="367" time="0.307" /><testcase classname="tests.test_others.TestMinifyFunction" name="test_high_minification_quality" file="tests/test_others.py" line="377" time="0.304" /><testcase classname="tests.test_others.TestMinifierObject" name="test_reuse" file="tests/test_others.py" line="392" time="0.001" /><testcase classname="tests.test_others.TestMinifierObject" name="test_dangling_tag" file="tests/test_others.py" line="397" time="0.001" /><testcase classname="tests.test_others.TestMinifierObject" name="test_buffered_input" file="tests/test_others.py" line="406" time="0.001" /><testcase classname="tests.test_others.TestMinifyFeatures" name="test_remove_comments" file="tests/test_others.py" line="417" time="0.001" /><testcase classname="tests.test_others.TestMinifyFeatures" name="test_no_reduce_empty_attributes" file="tests/test_others.py" line="421" time="0.001" /><testcase classname="tests.test_others.TestMinifyFeatures" name="test_no_reduce_empty_attributes_keep_quotes" file="tests/test_others.py" line="425" time="0.001" /><testcase classname="tests.test_others.TestMinifyFeatures" name="test_reduce_empty_attributes" file="tests/test_others.py" line="436" time="0.001" /><testcase classname="tests.test_others.TestMinifyFeatures" name="test_reduce_boolean_attributes" file="tests/test_others.py" line="440" time="0.001" /><testcase classname="tests.test_others.TestMinifyFeatures" name="test_keep_comments" file="tests/test_others.py" line="444" time="0.001" /><testcase classname="tests.test_others.TestMinifyFeatures" name="test_keep_empty_comments" file="tests/test_others.py" line="448" time="0.001" /><testcase classname="tests.test_others.TestMinifyFeatures" name="test_keep_conditional_comments" file="tests/test_others.py" line="452" time="0.001" /><testcase classname="tests.test_others.TestMinifyFeatures" name="test_remove_nonconditional_comments" file="tests/test_others.py" line="456" time="0.001" /><testcase classname="tests.test_others.TestMinifyFeatures" name="test_keep_optional_attribute_quotes" file="tests/test_others.py" line="460" time="0.001" /><testcase classname="tests.test_others.TestMinifyFeatures" name="test_remove_optional_attribute_quotes" file="tests/test_others.py" line="466" time="0.001" /><testcase classname="tests.test_others.TestMinifyFeatures" name="test_keep_pre_attribute" file="tests/test_others.py" line="474" time="0.001" /><testcase classname="tests.test_others.TestMinifyFeatures" name="test_custom_pre_attribute" file="tests/test_others.py" line="478" time="0.001" /><testcase classname="tests.test_others.TestMinifyFeatures" name="test_keep_empty" file="tests/test_others.py" line="482" time="0.001" /><testcase classname="tests.test_others.TestMinifyFeatures" name="test_remove_empty" file="tests/test_others.py" line="486" time="0.001" /><testcase classname="tests.test_others.TestMinifyFeatures" name="test_remove_all_empty" file="tests/test_others.py" line="490" time="0.001" /><testcase classname="tests.test_others.TestMinifyFeatures" name="test_dont_minify_div" file="tests/test_others.py" line="494" time="0.001" /><testcase classname="tests.test_others.TestMinifyFeatures" name="test_minify_pre" file="tests/test_others.py" line="498" time="0.001" /><testcase classname="tests.test_others.TestMinifyFeatures" name="test_remove_head_spaces" file="tests/test_others.py" line="502" time="0.001" /><testcase classname="tests.test_others.TestMinifyFeatures" name="test_dont_minify_scripts_or_styles" file="tests/test_others.py" line="506" time="0.001" /><testcase classname="tests.test_others.TestMinifyFeatures" name="test_convert_charrefs_false" file="tests/test_others.py" line="510" time="0.001" /><testcase classname="tests.test_others.TestDecorator" name="test_direct_decorator" file="tests/test_others.py" line="524" time="0.001" /><testcase classname="tests.test_others.TestDecorator" name="test_options_decorator" file="tests/test_others.py" line="531" time="0.001" /><testcase classname="tests.test_others.TestMiddleware" name="test_middlware" file="tests/test_others.py" line="563" time="0.001" /><testcase classname="tests.test_others.TestMiddleware" name="test_middlware_minifier_options" file="tests/test_others.py" line="570" time="0.001" /><testcase classname="tests.test_others.TestMiddleware" name="test_middlware_off_by_default" file="tests/test_others.py" line="577" time="0.001" /><testcase classname="tests.test_others.TestMiddleware" name="test_middlware_on_by_header" file="tests/test_others.py" line="584" time="0.001" /><testcase classname="tests.test_others.TestMiddleware" name="test_middlware_off_by_header" file="tests/test_others.py" line="597" time="0.001" /><testcase classname="tests.test_others.TestMiddleware" name="test_middlware_remove_header" file="tests/test_others.py" line="610" time="0.001" /><testcase classname="tests.test_others.TestMiddleware" name="test_middlware_keep_header" file="tests/test_others.py" line="623" time="0.001" /><testcase classname="tests.test_parser.TestHTMLParser" name="test_simple_parser" file="tests/test_parser.py" line="68" time="0.001" /><testcase classname="tests.test_parser.TestHTMLParser" name="test_bogus_comment" file="tests/test_parser.py" line="72" time="0.002" /></testsuite></testsuites>
